[0.310s] DEBUG:colcon:Command line arguments: ['/usr/bin/colcon', 'list', '-p', '--base-paths', '/home/garv/Desktop/Project']
[0.311s] DEBUG:colcon:Parsed command line arguments: Namespace(allow_overriding=[], base_paths=['/home/garv/Desktop/Project'], build_base='build', ignore_user_meta=False, log_base=None, log_level=None, main=<bound method ListVerb.main of <colcon_package_information.verb.list.ListVerb object at 0x7fb5ce5ef3d0>>, metas=['./colcon.meta'], mixin=None, mixin_files=None, mixin_verb=('list',), names_only=False, packages_above=None, packages_above_and_dependencies=None, packages_above_depth=None, packages_end=None, packages_ignore=None, packages_ignore_regex=None, packages_select=None, packages_select_build_failed=False, packages_select_by_dep=None, packages_select_regex=None, packages_select_test_failures=False, packages_skip=None, packages_skip_build_finished=False, packages_skip_by_dep=None, packages_skip_regex=None, packages_skip_test_passed=False, packages_skip_up_to=None, packages_start=None, packages_up_to=None, packages_up_to_regex=None, paths=None, paths_only=True, topological_graph=False, topological_graph_density=False, topological_graph_dot=False, topological_graph_dot_cluster=False, topological_graph_dot_include_skipped=False, topological_graph_legend=False, topological_order=False, verb_extension=<colcon_package_information.verb.list.ListVerb object at 0x7fb5ce5ef3d0>, verb_name='list', verb_parser=<colcon_mixin.mixin.mixin_argument.MixinArgumentDecorator object at 0x7fb5ce600610>)
[0.574s] Level 1:colcon.colcon_core.package_discovery:discover_packages(colcon_meta) check parameters
[0.574s] Level 1:colcon.colcon_core.package_discovery:discover_packages(recursive) check parameters
[0.574s] Level 1:colcon.colcon_core.package_discovery:discover_packages(ignore) check parameters
[0.574s] Level 1:colcon.colcon_core.package_discovery:discover_packages(path) check parameters
[0.574s] Level 1:colcon.colcon_core.package_discovery:discover_packages(recursive) discover
[0.575s] INFO:colcon.colcon_core.package_discovery:Crawling recursively for packages in '/home/garv/Desktop/Project'
[0.575s] Level 1:colcon.colcon_core.package_identification:_identify(/home/garv/Desktop/Project) by extensions ['ignore', 'ignore_ament_install']
[0.575s] Level 1:colcon.colcon_core.package_identification:_identify(/home/garv/Desktop/Project) by extension 'ignore'
[0.575s] Level 1:colcon.colcon_core.package_identification:_identify(/home/garv/Desktop/Project) by extension 'ignore_ament_install'
[0.575s] Level 1:colcon.colcon_core.package_identification:_identify(/home/garv/Desktop/Project) by extensions ['colcon_pkg']
[0.575s] Level 1:colcon.colcon_core.package_identification:_identify(/home/garv/Desktop/Project) by extension 'colcon_pkg'
[0.575s] Level 1:colcon.colcon_core.package_identification:_identify(/home/garv/Desktop/Project) by extensions ['colcon_meta']
[0.575s] Level 1:colcon.colcon_core.package_identification:_identify(/home/garv/Desktop/Project) by extension 'colcon_meta'
[0.576s] Level 1:colcon.colcon_core.package_identification:_identify(/home/garv/Desktop/Project) by extensions ['ros']
[0.576s] Level 1:colcon.colcon_core.package_identification:_identify(/home/garv/Desktop/Project) by extension 'ros'
[0.596s] Level 1:colcon.colcon_core.package_identification:_identify(/home/garv/Desktop/Project) by extensions ['cmake', 'python']
[0.596s] Level 1:colcon.colcon_core.package_identification:_identify(/home/garv/Desktop/Project) by extension 'cmake'
[0.596s] Level 1:colcon.colcon_core.package_identification:_identify(/home/garv/Desktop/Project) by extension 'python'
[0.596s] Level 1:colcon.colcon_core.package_identification:_identify(/home/garv/Desktop/Project) by extensions ['python_setup_py']
[0.596s] Level 1:colcon.colcon_core.package_identification:_identify(/home/garv/Desktop/Project) by extension 'python_setup_py'
[0.596s] Level 1:colcon.colcon_core.package_identification:_identify(/home/garv/Desktop/Project/build) by extensions ['ignore', 'ignore_ament_install']
[0.597s] Level 1:colcon.colcon_core.package_identification:_identify(/home/garv/Desktop/Project/build) by extension 'ignore'
[0.597s] Level 1:colcon.colcon_core.package_identification:_identify(/home/garv/Desktop/Project/build) ignored
[0.597s] Level 1:colcon.colcon_core.package_identification:_identify(/home/garv/Desktop/Project/install) by extensions ['ignore', 'ignore_ament_install']
[0.597s] Level 1:colcon.colcon_core.package_identification:_identify(/home/garv/Desktop/Project/install) by extension 'ignore'
[0.597s] Level 1:colcon.colcon_core.package_identification:_identify(/home/garv/Desktop/Project/install) ignored
[0.598s] Level 1:colcon.colcon_core.package_identification:_identify(/home/garv/Desktop/Project/log) by extensions ['ignore', 'ignore_ament_install']
[0.598s] Level 1:colcon.colcon_core.package_identification:_identify(/home/garv/Desktop/Project/log) by extension 'ignore'
[0.598s] Level 1:colcon.colcon_core.package_identification:_identify(/home/garv/Desktop/Project/log) ignored
[0.598s] Level 1:colcon.colcon_core.package_identification:_identify(/home/garv/Desktop/Project/src) by extensions ['ignore', 'ignore_ament_install']
[0.598s] Level 1:colcon.colcon_core.package_identification:_identify(/home/garv/Desktop/Project/src) by extension 'ignore'
[0.598s] Level 1:colcon.colcon_core.package_identification:_identify(/home/garv/Desktop/Project/src) by extension 'ignore_ament_install'
[0.598s] Level 1:colcon.colcon_core.package_identification:_identify(/home/garv/Desktop/Project/src) by extensions ['colcon_pkg']
[0.598s] Level 1:colcon.colcon_core.package_identification:_identify(/home/garv/Desktop/Project/src) by extension 'colcon_pkg'
[0.598s] Level 1:colcon.colcon_core.package_identification:_identify(/home/garv/Desktop/Project/src) by extensions ['colcon_meta']
[0.598s] Level 1:colcon.colcon_core.package_identification:_identify(/home/garv/Desktop/Project/src) by extension 'colcon_meta'
[0.598s] Level 1:colcon.colcon_core.package_identification:_identify(/home/garv/Desktop/Project/src) by extensions ['ros']
[0.598s] Level 1:colcon.colcon_core.package_identification:_identify(/home/garv/Desktop/Project/src) by extension 'ros'
[0.598s] Level 1:colcon.colcon_core.package_identification:_identify(/home/garv/Desktop/Project/src) by extensions ['cmake', 'python']
[0.598s] Level 1:colcon.colcon_core.package_identification:_identify(/home/garv/Desktop/Project/src) by extension 'cmake'
[0.598s] Level 1:colcon.colcon_core.package_identification:_identify(/home/garv/Desktop/Project/src) by extension 'python'
[0.598s] Level 1:colcon.colcon_core.package_identification:_identify(/home/garv/Desktop/Project/src) by extensions ['python_setup_py']
[0.599s] Level 1:colcon.colcon_core.package_identification:_identify(/home/garv/Desktop/Project/src) by extension 'python_setup_py'
[0.599s] Level 1:colcon.colcon_core.package_identification:_identify(/home/garv/Desktop/Project/src/build) by extensions ['ignore', 'ignore_ament_install']
[0.599s] Level 1:colcon.colcon_core.package_identification:_identify(/home/garv/Desktop/Project/src/build) by extension 'ignore'
[0.599s] Level 1:colcon.colcon_core.package_identification:_identify(/home/garv/Desktop/Project/src/build) ignored
[0.599s] Level 1:colcon.colcon_core.package_identification:_identify(/home/garv/Desktop/Project/src/car) by extensions ['ignore', 'ignore_ament_install']
[0.599s] Level 1:colcon.colcon_core.package_identification:_identify(/home/garv/Desktop/Project/src/car) by extension 'ignore'
[0.599s] Level 1:colcon.colcon_core.package_identification:_identify(/home/garv/Desktop/Project/src/car) by extension 'ignore_ament_install'
[0.599s] Level 1:colcon.colcon_core.package_identification:_identify(/home/garv/Desktop/Project/src/car) by extensions ['colcon_pkg']
[0.599s] Level 1:colcon.colcon_core.package_identification:_identify(/home/garv/Desktop/Project/src/car) by extension 'colcon_pkg'
[0.599s] Level 1:colcon.colcon_core.package_identification:_identify(/home/garv/Desktop/Project/src/car) by extensions ['colcon_meta']
[0.599s] Level 1:colcon.colcon_core.package_identification:_identify(/home/garv/Desktop/Project/src/car) by extension 'colcon_meta'
[0.600s] Level 1:colcon.colcon_core.package_identification:_identify(/home/garv/Desktop/Project/src/car) by extensions ['ros']
[0.600s] Level 1:colcon.colcon_core.package_identification:_identify(/home/garv/Desktop/Project/src/car) by extension 'ros'
[0.604s] DEBUG:colcon.colcon_core.package_identification:Package '/home/garv/Desktop/Project/src/car' with type 'ros.ament_cmake' and name 'car'
[0.604s] Level 1:colcon.colcon_core.package_identification:_identify(/home/garv/Desktop/Project/src/install) by extensions ['ignore', 'ignore_ament_install']
[0.604s] Level 1:colcon.colcon_core.package_identification:_identify(/home/garv/Desktop/Project/src/install) by extension 'ignore'
[0.604s] Level 1:colcon.colcon_core.package_identification:_identify(/home/garv/Desktop/Project/src/install) ignored
[0.604s] Level 1:colcon.colcon_core.package_identification:_identify(/home/garv/Desktop/Project/src/log) by extensions ['ignore', 'ignore_ament_install']
[0.604s] Level 1:colcon.colcon_core.package_identification:_identify(/home/garv/Desktop/Project/src/log) by extension 'ignore'
[0.604s] Level 1:colcon.colcon_core.package_identification:_identify(/home/garv/Desktop/Project/src/log) ignored
[0.604s] Level 1:colcon.colcon_core.package_discovery:discover_packages(recursive) using defaults
