-- Install configuration: ""
-- Execute custom install script
-- Up-to-date symlink: /home/garv/Desktop/Project/install/car/share/car//launch/__pycache__/launch.cpython-38.pyc
-- Up-to-date symlink: /home/garv/Desktop/Project/install/car/share/car//launch/launch.py
-- Up-to-date symlink: /home/garv/Desktop/Project/install/car/share/car//urdf/car.xacro
-- Up-to-date symlink: /home/garv/Desktop/Project/install/car/share/ament_index/resource_index/package_run_dependencies/car
-- Up-to-date symlink: /home/garv/Desktop/Project/install/car/share/ament_index/resource_index/parent_prefix_path/car
-- Up-to-date symlink: /home/garv/Desktop/Project/install/car/share/car/environment/ament_prefix_path.sh
-- Up-to-date symlink: /home/garv/Desktop/Project/install/car/share/car/environment/ament_prefix_path.dsv
-- Up-to-date symlink: /home/garv/Desktop/Project/install/car/share/car/environment/path.sh
-- Up-to-date symlink: /home/garv/Desktop/Project/install/car/share/car/environment/path.dsv
-- Up-to-date symlink: /home/garv/Desktop/Project/install/car/share/car/local_setup.bash
-- Up-to-date symlink: /home/garv/Desktop/Project/install/car/share/car/local_setup.sh
-- Up-to-date symlink: /home/garv/Desktop/Project/install/car/share/car/local_setup.zsh
-- Up-to-date symlink: /home/garv/Desktop/Project/install/car/share/car/local_setup.dsv
-- Symlinking: /home/garv/Desktop/Project/install/car/share/car/package.dsv
-- Up-to-date symlink: /home/garv/Desktop/Project/install/car/share/ament_index/resource_index/packages/car
-- Up-to-date symlink: /home/garv/Desktop/Project/install/car/share/car/cmake/carConfig.cmake
-- Up-to-date symlink: /home/garv/Desktop/Project/install/car/share/car/cmake/carConfig-version.cmake
-- Up-to-date symlink: /home/garv/Desktop/Project/install/car/share/car/package.xml
