[0.000000] (-) TimerEvent: {}
[0.000104] (car) JobQueued: {'identifier': 'car', 'dependencies': OrderedDict()}
[0.000680] (car) JobStarted: {'identifier': 'car'}
[0.008362] (car) JobProgress: {'identifier': 'car', 'progress': 'cmake'}
[0.009164] (car) JobProgress: {'identifier': 'car', 'progress': 'build'}
[0.009907] (car) Command: {'cmd': ['/usr/bin/cmake', '--build', '/home/garv/Desktop/Project/build/car', '--', '-j8', '-l8'], 'cwd': '/home/garv/Desktop/Project/build/car', 'env': OrderedDict([('GJS_DEBUG_TOPICS', 'JS ERROR;JS LOG'), ('LANGUAGE', 'en_IN:en'), ('USER', 'garv'), ('SSH_AGENT_PID', '1537'), ('XDG_SESSION_TYPE', 'x11'), ('SHLVL', '1'), ('LD_LIBRARY_PATH', '/opt/ros/foxy/opt/yaml_cpp_vendor/lib:/opt/ros/foxy/opt/rviz_ogre_vendor/lib:/opt/ros/foxy/lib/x86_64-linux-gnu:/opt/ros/foxy/lib:/home/garv/garv_ws/devel/lib'), ('HOME', '/home/garv'), ('OLDPWD', '/home/garv/Desktop'), ('DESKTOP_SESSION', 'ubuntu'), ('ROS_PYTHON_VERSION', '3'), ('GNOME_SHELL_SESSION_MODE', 'ubuntu'), ('GTK_MODULES', 'gail:atk-bridge'), ('MANAGERPID', '1433'), ('DBUS_SESSION_BUS_ADDRESS', 'unix:path=/run/user/1000/bus'), ('COLORTERM', 'truecolor'), ('IM_CONFIG_PHASE', '1'), ('COLCON_PREFIX_PATH', '/home/garv/Desktop/Project/install:/home/garv/Desktop/ws/install'), ('ROS_DISTRO', 'foxy'), ('LOGNAME', 'garv'), ('JOURNAL_STREAM', '8:42432'), ('_', '/usr/bin/colcon'), ('ROS_VERSION', '2'), ('PKG_CONFIG_PATH', '/home/garv/garv_ws/devel/lib/pkgconfig'), ('XDG_SESSION_CLASS', 'user'), ('USERNAME', 'garv'), ('TERM', 'xterm-256color'), ('GNOME_DESKTOP_SESSION_ID', 'this-is-deprecated'), ('ROS_LOCALHOST_ONLY', '0'), ('WINDOWPATH', '2'), ('PATH', '/opt/ros/foxy/bin:/home/garv/.local/bin:/usr/local/sbin:/usr/local/bin:/usr/sbin:/usr/bin:/sbin:/bin:/usr/games:/usr/local/games:/snap/bin'), ('SESSION_MANAGER', 'local/garv-IdeaPad-5-14ITL05:@/tmp/.ICE-unix/1575,unix/garv-IdeaPad-5-14ITL05:/tmp/.ICE-unix/1575'), ('INVOCATION_ID', '4f24ade5e1c44a33b049394bf37b0a66'), ('XDG_MENU_PREFIX', 'gnome-'), ('GNOME_TERMINAL_SCREEN', '/org/gnome/Terminal/screen/145a1b2b_c429_43a2_9014_4f19201b5fcd'), ('XDG_RUNTIME_DIR', '/run/user/1000'), ('DISPLAY', ':0'), ('LANG', 'en_US.UTF-8'), ('XDG_CURRENT_DESKTOP', 'ubuntu:GNOME'), ('XMODIFIERS', '@im=ibus'), ('XDG_SESSION_DESKTOP', 'ubuntu'), ('XAUTHORITY', '/run/user/1000/gdm/Xauthority'), ('GNOME_TERMINAL_SERVICE', ':1.505'), ('SSH_AUTH_SOCK', '/run/user/1000/keyring/ssh'), ('AMENT_PREFIX_PATH', '/home/garv/Desktop/ws/install/car_launch:/home/garv/Desktop/ws/install/launch:/home/garv/Desktop/Project/install/car:/opt/ros/foxy'), ('SHELL', '/bin/bash'), ('QT_ACCESSIBILITY', '1'), ('GDMSESSION', 'ubuntu'), ('GPG_AGENT_INFO', '/run/user/1000/gnupg/S.gpg-agent:0:1'), ('GJS_DEBUG_OUTPUT', 'stderr'), ('QT_IM_MODULE', 'ibus'), ('PWD', '/home/garv/Desktop/Project/build/car'), ('LC_ALL', 'en_US.UTF-8'), ('XDG_CONFIG_DIRS', '/etc/xdg/xdg-ubuntu:/etc/xdg'), ('XDG_DATA_DIRS', '/usr/share/ubuntu:/usr/local/share/:/usr/share/:/var/lib/snapd/desktop'), ('PYTHONPATH', '/opt/ros/foxy/lib/python3.8/site-packages:'), ('COLCON', '1'), ('VTE_VERSION', '6003'), ('CMAKE_PREFIX_PATH', '/home/garv/Desktop/ws/install/car_launch:/home/garv/Desktop/ws/install/launch:/home/garv/Desktop/Project/install/car:/opt/ros/foxy:/home/garv/garv_ws/devel')]), 'shell': False}
[0.044838] (car) CommandEnded: {'returncode': 0}
[0.045364] (car) JobProgress: {'identifier': 'car', 'progress': 'install'}
[0.054167] (car) Command: {'cmd': ['/usr/bin/cmake', '--install', '/home/garv/Desktop/Project/build/car'], 'cwd': '/home/garv/Desktop/Project/build/car', 'env': OrderedDict([('GJS_DEBUG_TOPICS', 'JS ERROR;JS LOG'), ('LANGUAGE', 'en_IN:en'), ('USER', 'garv'), ('SSH_AGENT_PID', '1537'), ('XDG_SESSION_TYPE', 'x11'), ('SHLVL', '1'), ('LD_LIBRARY_PATH', '/opt/ros/foxy/opt/yaml_cpp_vendor/lib:/opt/ros/foxy/opt/rviz_ogre_vendor/lib:/opt/ros/foxy/lib/x86_64-linux-gnu:/opt/ros/foxy/lib:/home/garv/garv_ws/devel/lib'), ('HOME', '/home/garv'), ('OLDPWD', '/home/garv/Desktop'), ('DESKTOP_SESSION', 'ubuntu'), ('ROS_PYTHON_VERSION', '3'), ('GNOME_SHELL_SESSION_MODE', 'ubuntu'), ('GTK_MODULES', 'gail:atk-bridge'), ('MANAGERPID', '1433'), ('DBUS_SESSION_BUS_ADDRESS', 'unix:path=/run/user/1000/bus'), ('COLORTERM', 'truecolor'), ('IM_CONFIG_PHASE', '1'), ('COLCON_PREFIX_PATH', '/home/garv/Desktop/Project/install:/home/garv/Desktop/ws/install'), ('ROS_DISTRO', 'foxy'), ('LOGNAME', 'garv'), ('JOURNAL_STREAM', '8:42432'), ('_', '/usr/bin/colcon'), ('ROS_VERSION', '2'), ('PKG_CONFIG_PATH', '/home/garv/garv_ws/devel/lib/pkgconfig'), ('XDG_SESSION_CLASS', 'user'), ('USERNAME', 'garv'), ('TERM', 'xterm-256color'), ('GNOME_DESKTOP_SESSION_ID', 'this-is-deprecated'), ('ROS_LOCALHOST_ONLY', '0'), ('WINDOWPATH', '2'), ('PATH', '/opt/ros/foxy/bin:/home/garv/.local/bin:/usr/local/sbin:/usr/local/bin:/usr/sbin:/usr/bin:/sbin:/bin:/usr/games:/usr/local/games:/snap/bin'), ('SESSION_MANAGER', 'local/garv-IdeaPad-5-14ITL05:@/tmp/.ICE-unix/1575,unix/garv-IdeaPad-5-14ITL05:/tmp/.ICE-unix/1575'), ('INVOCATION_ID', '4f24ade5e1c44a33b049394bf37b0a66'), ('XDG_MENU_PREFIX', 'gnome-'), ('GNOME_TERMINAL_SCREEN', '/org/gnome/Terminal/screen/145a1b2b_c429_43a2_9014_4f19201b5fcd'), ('XDG_RUNTIME_DIR', '/run/user/1000'), ('DISPLAY', ':0'), ('LANG', 'en_US.UTF-8'), ('XDG_CURRENT_DESKTOP', 'ubuntu:GNOME'), ('XMODIFIERS', '@im=ibus'), ('XDG_SESSION_DESKTOP', 'ubuntu'), ('XAUTHORITY', '/run/user/1000/gdm/Xauthority'), ('GNOME_TERMINAL_SERVICE', ':1.505'), ('SSH_AUTH_SOCK', '/run/user/1000/keyring/ssh'), ('AMENT_PREFIX_PATH', '/home/garv/Desktop/ws/install/car_launch:/home/garv/Desktop/ws/install/launch:/home/garv/Desktop/Project/install/car:/opt/ros/foxy'), ('SHELL', '/bin/bash'), ('QT_ACCESSIBILITY', '1'), ('GDMSESSION', 'ubuntu'), ('GPG_AGENT_INFO', '/run/user/1000/gnupg/S.gpg-agent:0:1'), ('GJS_DEBUG_OUTPUT', 'stderr'), ('QT_IM_MODULE', 'ibus'), ('PWD', '/home/garv/Desktop/Project/build/car'), ('LC_ALL', 'en_US.UTF-8'), ('XDG_CONFIG_DIRS', '/etc/xdg/xdg-ubuntu:/etc/xdg'), ('XDG_DATA_DIRS', '/usr/share/ubuntu:/usr/local/share/:/usr/share/:/var/lib/snapd/desktop'), ('PYTHONPATH', '/opt/ros/foxy/lib/python3.8/site-packages:'), ('COLCON', '1'), ('VTE_VERSION', '6003'), ('CMAKE_PREFIX_PATH', '/home/garv/Desktop/ws/install/car_launch:/home/garv/Desktop/ws/install/launch:/home/garv/Desktop/Project/install/car:/opt/ros/foxy:/home/garv/garv_ws/devel')]), 'shell': False}
[0.061186] (car) StdoutLine: {'line': b'-- Install configuration: ""\n'}
[0.061357] (car) StdoutLine: {'line': b'-- Execute custom install script\n'}
[0.061622] (car) StdoutLine: {'line': b'-- Symlinking: /home/garv/Desktop/Project/install/car/share/car//launch/__pycache__/launch.cpython-38.pyc\n'}
[0.067814] (car) StdoutLine: {'line': b'-- Up-to-date symlink: /home/garv/Desktop/Project/install/car/share/car//launch/launch.py\n'}
[0.067980] (car) StdoutLine: {'line': b'-- Up-to-date symlink: /home/garv/Desktop/Project/install/car/share/car//urdf/car.xacro\n'}
[0.068154] (car) StdoutLine: {'line': b'-- Up-to-date symlink: /home/garv/Desktop/Project/install/car/share/ament_index/resource_index/package_run_dependencies/car\n'}
[0.068324] (car) StdoutLine: {'line': b'-- Up-to-date symlink: /home/garv/Desktop/Project/install/car/share/ament_index/resource_index/parent_prefix_path/car\n'}
[0.068488] (car) StdoutLine: {'line': b'-- Up-to-date symlink: /home/garv/Desktop/Project/install/car/share/car/environment/ament_prefix_path.sh\n'}
[0.068643] (car) StdoutLine: {'line': b'-- Up-to-date symlink: /home/garv/Desktop/Project/install/car/share/car/environment/ament_prefix_path.dsv\n'}
[0.068801] (car) StdoutLine: {'line': b'-- Up-to-date symlink: /home/garv/Desktop/Project/install/car/share/car/environment/path.sh\n'}
[0.068954] (car) StdoutLine: {'line': b'-- Up-to-date symlink: /home/garv/Desktop/Project/install/car/share/car/environment/path.dsv\n'}
[0.069103] (car) StdoutLine: {'line': b'-- Up-to-date symlink: /home/garv/Desktop/Project/install/car/share/car/local_setup.bash\n'}
[0.069251] (car) StdoutLine: {'line': b'-- Up-to-date symlink: /home/garv/Desktop/Project/install/car/share/car/local_setup.sh\n'}
[0.069403] (car) StdoutLine: {'line': b'-- Up-to-date symlink: /home/garv/Desktop/Project/install/car/share/car/local_setup.zsh\n'}
[0.069551] (car) StdoutLine: {'line': b'-- Up-to-date symlink: /home/garv/Desktop/Project/install/car/share/car/local_setup.dsv\n'}
[0.069671] (car) StdoutLine: {'line': b'-- Symlinking: /home/garv/Desktop/Project/install/car/share/car/package.dsv\n'}
[0.076507] (car) StdoutLine: {'line': b'-- Up-to-date symlink: /home/garv/Desktop/Project/install/car/share/ament_index/resource_index/packages/car\n'}
[0.076683] (car) StdoutLine: {'line': b'-- Up-to-date symlink: /home/garv/Desktop/Project/install/car/share/car/cmake/carConfig.cmake\n'}
[0.076732] (car) StdoutLine: {'line': b'-- Up-to-date symlink: /home/garv/Desktop/Project/install/car/share/car/cmake/carConfig-version.cmake\n'}
[0.076797] (car) StdoutLine: {'line': b'-- Up-to-date symlink: /home/garv/Desktop/Project/install/car/share/car/package.xml\n'}
[0.078156] (car) CommandEnded: {'returncode': 0}
[0.089934] (car) JobEnded: {'identifier': 'car', 'rc': 0}
[0.090473] (-) EventReactorShutdown: {}
