[0.010s] Invoking command in '/home/garv/Desktop/Project/build/car': CMAKE_PREFIX_PATH=/home/garv/Desktop/Project/install/car:/opt/ros/foxy:/home/garv/garv_ws/devel /usr/bin/cmake /home/garv/Desktop/Project/src/car -DCMAKE_INSTALL_PREFIX=/home/garv/Desktop/Project/install/car
[0.053s] -- The C compiler identification is GNU 9.4.0
[0.095s] -- The CXX compiler identification is GNU 9.4.0
[0.098s] -- Check for working C compiler: /usr/bin/cc
[0.151s] -- Check for working C compiler: /usr/bin/cc -- works
[0.152s] -- Detecting C compiler ABI info
[0.205s] -- Detecting C compiler ABI info - done
[0.214s] -- Detecting C compile features
[0.214s] -- Detecting C compile features - done
[0.216s] -- Check for working CXX compiler: /usr/bin/c++
[0.279s] -- Check for working CXX compiler: /usr/bin/c++ -- works
[0.280s] -- Detecting CXX compiler ABI info
[0.342s] -- Detecting CXX compiler ABI info - done
[0.350s] -- Detecting CXX compile features
[0.351s] -- Detecting CXX compile features - done
[0.352s] -- Found ament_cmake: 0.9.12 (/opt/ros/foxy/share/ament_cmake/cmake)
[0.370s] -- Found PythonInterp: /usr/bin/python3 (found suitable version "3.8.10", minimum required is "3") 
[0.370s] -- Using PYTHON_EXECUTABLE: /usr/bin/python3
[0.509s] -- Found rclcpp: 2.4.3 (/opt/ros/foxy/share/rclcpp/cmake)
[0.538s] -- Using all available rosidl_typesupport_c: rosidl_typesupport_fastrtps_c;rosidl_typesupport_introspection_c
[0.542s] -- Found rosidl_adapter: 1.3.1 (/opt/ros/foxy/share/rosidl_adapter/cmake)
[0.592s] -- Found OpenSSL: /usr/lib/x86_64-linux-gnu/libcrypto.so (found version "1.1.1f")  
[0.612s] -- Found FastRTPS: /opt/ros/foxy/include  
[0.666s] -- Using all available rosidl_typesupport_cpp: rosidl_typesupport_fastrtps_cpp;rosidl_typesupport_introspection_cpp
[0.703s] -- Found rmw_implementation_cmake: 1.0.4 (/opt/ros/foxy/share/rmw_implementation_cmake/cmake)
[0.704s] -- Using RMW implementation 'rmw_fastrtps_cpp' as default
[0.705s] -- Looking for pthread.h
[0.762s] -- Looking for pthread.h - found
[0.762s] -- Performing Test CMAKE_HAVE_LIBC_PTHREAD
[0.817s] -- Performing Test CMAKE_HAVE_LIBC_PTHREAD - Failed
[0.817s] -- Looking for pthread_create in pthreads
[0.859s] -- Looking for pthread_create in pthreads - not found
[0.859s] -- Looking for pthread_create in pthread
[0.909s] -- Looking for pthread_create in pthread - found
[0.910s] -- Found Threads: TRUE  
[1.017s] -- Found robot_state_publisher: 2.4.5 (/opt/ros/foxy/share/robot_state_publisher/cmake)
[1.019s] -- Found eigen3_cmake_module: 0.1.1 (/opt/ros/foxy/share/eigen3_cmake_module/cmake)
[1.021s] -- Found Eigen3: TRUE (found version "3.3.7") 
[1.365s] -- Found xacro: 2.0.7 (/opt/ros/foxy/share/xacro/cmake)
[1.407s] -- Configuring done
[1.409s] -- Generating done
[1.410s] -- Build files have been written to: /home/garv/Desktop/Project/build/car
[1.417s] Invoked command in '/home/garv/Desktop/Project/build/car' returned '0': CMAKE_PREFIX_PATH=/home/garv/Desktop/Project/install/car:/opt/ros/foxy:/home/garv/garv_ws/devel /usr/bin/cmake /home/garv/Desktop/Project/src/car -DCMAKE_INSTALL_PREFIX=/home/garv/Desktop/Project/install/car
[1.419s] Invoking command in '/home/garv/Desktop/Project/build/car': CMAKE_PREFIX_PATH=/home/garv/Desktop/Project/install/car:/opt/ros/foxy:/home/garv/garv_ws/devel /usr/bin/cmake --build /home/garv/Desktop/Project/build/car -- -j8 -l8
[1.451s] Invoked command in '/home/garv/Desktop/Project/build/car' returned '0': CMAKE_PREFIX_PATH=/home/garv/Desktop/Project/install/car:/opt/ros/foxy:/home/garv/garv_ws/devel /usr/bin/cmake --build /home/garv/Desktop/Project/build/car -- -j8 -l8
[1.464s] Invoking command in '/home/garv/Desktop/Project/build/car': CMAKE_PREFIX_PATH=/home/garv/Desktop/Project/install/car:/opt/ros/foxy:/home/garv/garv_ws/devel /usr/bin/cmake --install /home/garv/Desktop/Project/build/car
[1.473s] -- Install configuration: ""
[1.473s] -- Installing: /home/garv/Desktop/Project/install/car/share/ament_index/resource_index/package_run_dependencies/car
[1.474s] -- Installing: /home/garv/Desktop/Project/install/car/share/ament_index/resource_index/parent_prefix_path/car
[1.474s] -- Installing: /home/garv/Desktop/Project/install/car/share/car/environment/ament_prefix_path.sh
[1.474s] -- Installing: /home/garv/Desktop/Project/install/car/share/car/environment/ament_prefix_path.dsv
[1.474s] -- Installing: /home/garv/Desktop/Project/install/car/share/car/environment/path.sh
[1.474s] -- Installing: /home/garv/Desktop/Project/install/car/share/car/environment/path.dsv
[1.474s] -- Installing: /home/garv/Desktop/Project/install/car/share/car/local_setup.bash
[1.474s] -- Installing: /home/garv/Desktop/Project/install/car/share/car/local_setup.sh
[1.474s] -- Installing: /home/garv/Desktop/Project/install/car/share/car/local_setup.zsh
[1.474s] -- Installing: /home/garv/Desktop/Project/install/car/share/car/local_setup.dsv
[1.474s] -- Installing: /home/garv/Desktop/Project/install/car/share/car/package.dsv
[1.475s] -- Installing: /home/garv/Desktop/Project/install/car/share/ament_index/resource_index/packages/car
[1.475s] -- Installing: /home/garv/Desktop/Project/install/car/share/car/cmake/carConfig.cmake
[1.475s] -- Installing: /home/garv/Desktop/Project/install/car/share/car/cmake/carConfig-version.cmake
[1.475s] -- Installing: /home/garv/Desktop/Project/install/car/share/car/package.xml
[1.477s] Invoked command in '/home/garv/Desktop/Project/build/car' returned '0': CMAKE_PREFIX_PATH=/home/garv/Desktop/Project/install/car:/opt/ros/foxy:/home/garv/garv_ws/devel /usr/bin/cmake --install /home/garv/Desktop/Project/build/car
