[0.010s] Invoking command in '/home/garv/Desktop/Project/build/car': CMAKE_PREFIX_PATH=/home/garv/Desktop/ws/install/car_launch:/home/garv/Desktop/ws/install/launch:/home/garv/Desktop/Project/install/car:/opt/ros/foxy:/home/garv/garv_ws/devel /usr/bin/cmake /home/garv/Desktop/Project/src/car -DCMAKE_INSTALL_PREFIX=/home/garv/Desktop/Project/install/car
[0.020s] -- Found ament_cmake: 0.9.12 (/opt/ros/foxy/share/ament_cmake/cmake)
[0.036s] -- Using PYTHON_EXECUTABLE: /usr/bin/python3
[0.156s] -- Override CMake install command with custom implementation using symlinks instead of copying resources
[0.161s] -- Found rclcpp: 2.4.3 (/opt/ros/foxy/share/rclcpp/cmake)
[0.190s] -- Using all available rosidl_typesupport_c: rosidl_typesupport_fastrtps_c;rosidl_typesupport_introspection_c
[0.192s] -- Found rosidl_adapter: 1.3.1 (/opt/ros/foxy/share/rosidl_adapter/cmake)
[0.277s] -- Using all available rosidl_typesupport_cpp: rosidl_typesupport_fastrtps_cpp;rosidl_typesupport_introspection_cpp
[0.311s] -- Found rmw_implementation_cmake: 1.0.4 (/opt/ros/foxy/share/rmw_implementation_cmake/cmake)
[0.312s] -- Using RMW implementation 'rmw_fastrtps_cpp' as default
[0.409s] -- Found robot_state_publisher: 2.4.5 (/opt/ros/foxy/share/robot_state_publisher/cmake)
[0.411s] -- Found eigen3_cmake_module: 0.1.1 (/opt/ros/foxy/share/eigen3_cmake_module/cmake)
[0.742s] -- Found xacro: 2.0.7 (/opt/ros/foxy/share/xacro/cmake)
[0.784s] -- Configuring done
[0.786s] -- Generating done
[0.787s] -- Build files have been written to: /home/garv/Desktop/Project/build/car
[0.793s] Invoked command in '/home/garv/Desktop/Project/build/car' returned '0': CMAKE_PREFIX_PATH=/home/garv/Desktop/ws/install/car_launch:/home/garv/Desktop/ws/install/launch:/home/garv/Desktop/Project/install/car:/opt/ros/foxy:/home/garv/garv_ws/devel /usr/bin/cmake /home/garv/Desktop/Project/src/car -DCMAKE_INSTALL_PREFIX=/home/garv/Desktop/Project/install/car
[0.795s] Invoking command in '/home/garv/Desktop/Project/build/car': CMAKE_PREFIX_PATH=/home/garv/Desktop/ws/install/car_launch:/home/garv/Desktop/ws/install/launch:/home/garv/Desktop/Project/install/car:/opt/ros/foxy:/home/garv/garv_ws/devel /usr/bin/cmake --build /home/garv/Desktop/Project/build/car -- -j8 -l8
[0.828s] Invoked command in '/home/garv/Desktop/Project/build/car' returned '0': CMAKE_PREFIX_PATH=/home/garv/Desktop/ws/install/car_launch:/home/garv/Desktop/ws/install/launch:/home/garv/Desktop/Project/install/car:/opt/ros/foxy:/home/garv/garv_ws/devel /usr/bin/cmake --build /home/garv/Desktop/Project/build/car -- -j8 -l8
[0.838s] Invoking command in '/home/garv/Desktop/Project/build/car': CMAKE_PREFIX_PATH=/home/garv/Desktop/ws/install/car_launch:/home/garv/Desktop/ws/install/launch:/home/garv/Desktop/Project/install/car:/opt/ros/foxy:/home/garv/garv_ws/devel /usr/bin/cmake --install /home/garv/Desktop/Project/build/car
[0.845s] -- Install configuration: ""
[0.846s] -- Execute custom install script
[0.846s] -- Up-to-date symlink: /home/garv/Desktop/Project/install/car/share/car//launch/__pycache__/launch.cpython-38.pyc
[0.847s] -- Up-to-date symlink: /home/garv/Desktop/Project/install/car/share/car//launch/launch.py
[0.847s] -- Up-to-date symlink: /home/garv/Desktop/Project/install/car/share/car//urdf/car.xacro
[0.847s] -- Up-to-date symlink: /home/garv/Desktop/Project/install/car/share/ament_index/resource_index/package_run_dependencies/car
[0.847s] -- Up-to-date symlink: /home/garv/Desktop/Project/install/car/share/ament_index/resource_index/parent_prefix_path/car
[0.848s] -- Up-to-date symlink: /home/garv/Desktop/Project/install/car/share/car/environment/ament_prefix_path.sh
[0.848s] -- Up-to-date symlink: /home/garv/Desktop/Project/install/car/share/car/environment/ament_prefix_path.dsv
[0.848s] -- Up-to-date symlink: /home/garv/Desktop/Project/install/car/share/car/environment/path.sh
[0.848s] -- Up-to-date symlink: /home/garv/Desktop/Project/install/car/share/car/environment/path.dsv
[0.848s] -- Up-to-date symlink: /home/garv/Desktop/Project/install/car/share/car/local_setup.bash
[0.849s] -- Up-to-date symlink: /home/garv/Desktop/Project/install/car/share/car/local_setup.sh
[0.849s] -- Up-to-date symlink: /home/garv/Desktop/Project/install/car/share/car/local_setup.zsh
[0.849s] -- Up-to-date symlink: /home/garv/Desktop/Project/install/car/share/car/local_setup.dsv
[0.849s] -- Symlinking: /home/garv/Desktop/Project/install/car/share/car/package.dsv
[0.858s] -- Up-to-date symlink: /home/garv/Desktop/Project/install/car/share/ament_index/resource_index/packages/car
[0.858s] -- Up-to-date symlink: /home/garv/Desktop/Project/install/car/share/car/cmake/carConfig.cmake
[0.858s] -- Up-to-date symlink: /home/garv/Desktop/Project/install/car/share/car/cmake/carConfig-version.cmake
[0.858s] -- Up-to-date symlink: /home/garv/Desktop/Project/install/car/share/car/package.xml
[0.861s] Invoked command in '/home/garv/Desktop/Project/build/car' returned '0': CMAKE_PREFIX_PATH=/home/garv/Desktop/ws/install/car_launch:/home/garv/Desktop/ws/install/launch:/home/garv/Desktop/Project/install/car:/opt/ros/foxy:/home/garv/garv_ws/devel /usr/bin/cmake --install /home/garv/Desktop/Project/build/car
