[0.010s] Invoking command in '/home/garv/Desktop/Project/build/car': CMAKE_PREFIX_PATH=/home/garv/Desktop/Project/install/car:/opt/ros/foxy:/home/garv/garv_ws/devel /usr/bin/cmake /home/garv/Desktop/Project/src/car -DAMENT_CMAKE_SYMLINK_INSTALL=1 -DCMAKE_INSTALL_PREFIX=/home/garv/Desktop/Project/install/car
[0.021s] -- Found ament_cmake: 0.9.12 (/opt/ros/foxy/share/ament_cmake/cmake)
[0.038s] -- Using PYTHON_EXECUTABLE: /usr/bin/python3
[0.155s] -- Override CMake install command with custom implementation using symlinks instead of copying resources
[0.160s] -- Found rclcpp: 2.4.3 (/opt/ros/foxy/share/rclcpp/cmake)
[0.182s] -- Using all available rosidl_typesupport_c: rosidl_typesupport_fastrtps_c;rosidl_typesupport_introspection_c
[0.184s] -- Found rosidl_adapter: 1.3.1 (/opt/ros/foxy/share/rosidl_adapter/cmake)
[0.267s] -- Using all available rosidl_typesupport_cpp: rosidl_typesupport_fastrtps_cpp;rosidl_typesupport_introspection_cpp
[0.300s] -- Found rmw_implementation_cmake: 1.0.4 (/opt/ros/foxy/share/rmw_implementation_cmake/cmake)
[0.301s] -- Using RMW implementation 'rmw_fastrtps_cpp' as default
[0.397s] -- Found robot_state_publisher: 2.4.5 (/opt/ros/foxy/share/robot_state_publisher/cmake)
[0.398s] -- Found eigen3_cmake_module: 0.1.1 (/opt/ros/foxy/share/eigen3_cmake_module/cmake)
[0.742s] -- Found xacro: 2.0.7 (/opt/ros/foxy/share/xacro/cmake)
[0.793s] -- Configuring done
[0.796s] -- Generating done
[0.797s] -- Build files have been written to: /home/garv/Desktop/Project/build/car
[0.805s] Invoked command in '/home/garv/Desktop/Project/build/car' returned '0': CMAKE_PREFIX_PATH=/home/garv/Desktop/Project/install/car:/opt/ros/foxy:/home/garv/garv_ws/devel /usr/bin/cmake /home/garv/Desktop/Project/src/car -DAMENT_CMAKE_SYMLINK_INSTALL=1 -DCMAKE_INSTALL_PREFIX=/home/garv/Desktop/Project/install/car
[0.807s] Invoking command in '/home/garv/Desktop/Project/build/car': CMAKE_PREFIX_PATH=/home/garv/Desktop/Project/install/car:/opt/ros/foxy:/home/garv/garv_ws/devel /usr/bin/cmake --build /home/garv/Desktop/Project/build/car -- -j8 -l8
[0.841s] Invoked command in '/home/garv/Desktop/Project/build/car' returned '0': CMAKE_PREFIX_PATH=/home/garv/Desktop/Project/install/car:/opt/ros/foxy:/home/garv/garv_ws/devel /usr/bin/cmake --build /home/garv/Desktop/Project/build/car -- -j8 -l8
[0.852s] Invoking command in '/home/garv/Desktop/Project/build/car': CMAKE_PREFIX_PATH=/home/garv/Desktop/Project/install/car:/opt/ros/foxy:/home/garv/garv_ws/devel /usr/bin/cmake --install /home/garv/Desktop/Project/build/car
[0.859s] -- Install configuration: ""
[0.859s] -- Execute custom install script
[0.859s] -- Symlinking: /home/garv/Desktop/Project/install/car/share/ament_index/resource_index/package_run_dependencies/car
[0.867s] -- Symlinking: /home/garv/Desktop/Project/install/car/share/ament_index/resource_index/parent_prefix_path/car
[0.874s] -- Symlinking: /home/garv/Desktop/Project/install/car/share/car/environment/ament_prefix_path.sh
[0.882s] -- Symlinking: /home/garv/Desktop/Project/install/car/share/car/environment/ament_prefix_path.dsv
[0.889s] -- Symlinking: /home/garv/Desktop/Project/install/car/share/car/environment/path.sh
[0.896s] -- Symlinking: /home/garv/Desktop/Project/install/car/share/car/environment/path.dsv
[0.904s] -- Symlinking: /home/garv/Desktop/Project/install/car/share/car/local_setup.bash
[0.911s] -- Symlinking: /home/garv/Desktop/Project/install/car/share/car/local_setup.sh
[0.919s] -- Symlinking: /home/garv/Desktop/Project/install/car/share/car/local_setup.zsh
[0.925s] -- Symlinking: /home/garv/Desktop/Project/install/car/share/car/local_setup.dsv
[0.933s] -- Symlinking: /home/garv/Desktop/Project/install/car/share/car/package.dsv
[0.940s] -- Symlinking: /home/garv/Desktop/Project/install/car/share/ament_index/resource_index/packages/car
[0.948s] -- Symlinking: /home/garv/Desktop/Project/install/car/share/car/cmake/carConfig.cmake
[0.955s] -- Symlinking: /home/garv/Desktop/Project/install/car/share/car/cmake/carConfig-version.cmake
[0.962s] -- Symlinking: /home/garv/Desktop/Project/install/car/share/car/package.xml
[0.971s] Invoked command in '/home/garv/Desktop/Project/build/car' returned '0': CMAKE_PREFIX_PATH=/home/garv/Desktop/Project/install/car:/opt/ros/foxy:/home/garv/garv_ws/devel /usr/bin/cmake --install /home/garv/Desktop/Project/build/car
