-- Found ament_cmake: 0.9.12 (/opt/ros/foxy/share/ament_cmake/cmake)
-- Using PYTHON_EXECUTABLE: /usr/bin/python3
-- Override CMake install command with custom implementation using symlinks instead of copying resources
-- Found rclcpp: 2.4.3 (/opt/ros/foxy/share/rclcpp/cmake)
-- Using all available rosidl_typesupport_c: rosidl_typesupport_fastrtps_c;rosidl_typesupport_introspection_c
-- Found rosidl_adapter: 1.3.1 (/opt/ros/foxy/share/rosidl_adapter/cmake)
-- Using all available rosidl_typesupport_cpp: rosidl_typesupport_fastrtps_cpp;rosidl_typesupport_introspection_cpp
-- Found rmw_implementation_cmake: 1.0.4 (/opt/ros/foxy/share/rmw_implementation_cmake/cmake)
-- Using RMW implementation 'rmw_fastrtps_cpp' as default
-- Found robot_state_publisher: 2.4.5 (/opt/ros/foxy/share/robot_state_publisher/cmake)
-- Found eigen3_cmake_module: 0.1.1 (/opt/ros/foxy/share/eigen3_cmake_module/cmake)
-- Found xacro: 2.0.7 (/opt/ros/foxy/share/xacro/cmake)
CMake Error at CMakeLists.txt:25 (find_package):
  By not providing "Findlaunch.cmake" in CMAKE_MODULE_PATH this project has
  asked CMake to find a package configuration file provided by "launch", but
  CMake did not find one.

  Could not find a package configuration file provided by "launch" with any
  of the following names:

    launchConfig.cmake
    launch-config.cmake

  Add the installation prefix of "launch" to CMAKE_PREFIX_PATH or set
  "launch_DIR" to a directory containing one of the above files.  If "launch"
  provides a separate development package or SDK, be sure it has been
  installed.


-- Configuring incomplete, errors occurred!
See also "/home/garv/Desktop/Project/build/car/CMakeFiles/CMakeOutput.log".
See also "/home/garv/Desktop/Project/build/car/CMakeFiles/CMakeError.log".
make: *** [Makefile:222: cmake_check_build_system] Error 1
